
> choisir-sa-ville@ build D:\Projects\choisir-sa-ville
> pnpm --filter @choisir-sa-ville/web build


> @choisir-sa-ville/web@0.1.0 build D:\Projects\choisir-sa-ville\apps\web
> next build

   Ôû▓ Next.js 15.5.7

   Creating an optimized production build ...
 Ô£ô Compiled successfully in 2.5s
   Linting and checking validity of types ...
pnpm : 
At line:1 char:35
+ cd d:\Projects\choisir-sa-ville ; pnpm build 2>&1 | tee build-output. ...
+                                   ~~~~~~~~~~~~~~~
    + CategoryInfo          : NotSpecified: (:String) [], RemoteException
    + FullyQualifiedErrorId : NativeCommandError
 
 ÔÜá The Next.js plugin was not detected in your ESLint configuration. See 
https://nextjs.org/docs/app/api-reference/config/eslint#migrating-existing-config

Failed to compile.

./components/right-panel-details-card.tsx
29:11  Error: An interface declaring no members is equivalent to its supertype.  
@typescript-eslint/no-empty-object-type

./lib/map/style/stylePipeline.ts
49:9  Error: 'processedLayers' is never reassigned. Use 'const' instead.  prefer-const

info  - Need to disable some ESLint rules? Learn more here: 
https://nextjs.org/docs/app/api-reference/config/eslint#disabling-rules
D:\Projects\choisir-sa-ville\apps\web:
ÔÇëERR_PNPM_RECURSIVE_RUN_FIRST_FAILÔÇë @choisir-sa-ville/web@0.1.0 build: `next build`
Exit status 1
ÔÇëELIFECYCLEÔÇë Command failed with exit code 1.
